// Jest Snapshot v1, https://goo.gl/fbAQLP

exports[`Should render component correctly. 1`] = `
<div
  id="Display"
>
  <h2>
    Pomodoro Timer
  </h2>
  <p>
    Session Length: 
    <span />
  </p>
  <p>
    Break Length: 
    <span />
  </p>
  <div>
    <button
      className="start-stop"
    >
      Start
    </button>
    <button
      className="start-stop"
    >
      Stop
    </button>
  </div>
</div>
`;
