// Jest Snapshot v1, https://goo.gl/fbAQLP

exports[`Should render component correctly. 1`] = `
<div
  id="Clock"
>
  <Options
    changeSelected={[Function]}
  />
  <Display
    breakLength="5:00"
    selected="session"
    sessionLength="30:00"
    startTimer={[Function]}
    stopTimer={[Function]}
  />
  <Adjust
    changeTime={[Function]}
    changeUnit={[Function]}
    unit="min"
  />
</div>
`;
